// Jest Snapshot v1, https://goo.gl/fbAQLP

exports[`default wrapper render render the component 1`] = `
<div>
  <div
    class="svg-mock"
  />
</div>
`;
